// Jest Snapshot v1, https://goo.gl/fbAQLP

exports[`renders correctly 1`] = `
<li>
  <div
    className="info-container"
  >
    <h2 />
    <p
      className="monster-type"
    />
  </div>
  <div
    className="image-container"
  >
    <img />
  </div>
  <p
    className="description"
  />
</li>
`;
